----
where : /home/user/Documents/Programming/JavaScript/p5js/Camera App/public/gallery/images/camzy-image-1625065852784.txt
when : Wed Jun 30 2021 17:10:52 GMT+0200 (South Africa Standard Time)
----
where : /home/user/Documents/Programming/JavaScript/p5js/Camera App/public/gallery/images/camzy-image-1625065855390.txt
when : Wed Jun 30 2021 17:10:55 GMT+0200 (South Africa Standard Time)
----
where : /home/user/Documents/Programming/JavaScript/p5js/Camera App/public/gallery/images/camzy-image-1625076050595.txt
when : Wed Jun 30 2021 20:00:50 GMT+0200 (South Africa Standard Time)
----
where : /home/user/Documents/Programming/JavaScript/p5js/Camera App/public/gallery/images/camzy-image-1625076053000.txt
when : Wed Jun 30 2021 20:00:53 GMT+0200 (South Africa Standard Time)
----
where : /home/user/Documents/Programming/JavaScript/p5js/Camera App/public/gallery/images/camzy-image-1625076068748.txt
when : Wed Jun 30 2021 20:01:08 GMT+0200 (South Africa Standard Time)
----
where : /home/user/Documents/Programming/JavaScript/p5js/Camera App/public/gallery/images/camzy-image-1625076071255.txt
when : Wed Jun 30 2021 20:01:11 GMT+0200 (South Africa Standard Time)
----
where : /home/user/Documents/Programming/JavaScript/p5js/Camera App/public/gallery/images/camzy-image-1625076072805.txt
when : Wed Jun 30 2021 20:01:12 GMT+0200 (South Africa Standard Time)
----
where : /home/user/Documents/Programming/JavaScript/p5js/Camera App/public/gallery/images/camzy-image-1625080882133.txt
when : Wed Jun 30 2021 21:21:22 GMT+0200 (South Africa Standard Time)
----
where : /home/user/Documents/Programming/JavaScript/p5js/Camera App/public/gallery/images/camzy-image-1625080889745.txt
when : Wed Jun 30 2021 21:21:29 GMT+0200 (South Africa Standard Time)
----
where : /home/user/Documents/Programming/JavaScript/p5js/Camera App/public/gallery/images/camzy-image-1625080895412.txt
when : Wed Jun 30 2021 21:21:35 GMT+0200 (South Africa Standard Time)
----
where : /home/user/Documents/Programming/JavaScript/p5js/Camera App/public/gallery/images/camzy-image-1625081156546.txt
when : Wed Jun 30 2021 21:25:56 GMT+0200 (South Africa Standard Time)
----
where : /home/user/Documents/Programming/JavaScript/p5js/Camera App/public/gallery/images/camzy-image-1625081202873.txt
when : Wed Jun 30 2021 21:26:42 GMT+0200 (South Africa Standard Time)
----
where : /home/user/Documents/Programming/JavaScript/p5js/Camera App/public/gallery/images/camzy-image-1625081222312.txt
when : Wed Jun 30 2021 21:27:02 GMT+0200 (South Africa Standard Time)
----
where : /home/user/Documents/Programming/JavaScript/p5js/Camera App/public/gallery/images/camzy-image-1625081225143.txt
when : Wed Jun 30 2021 21:27:05 GMT+0200 (South Africa Standard Time)
----
where : /home/user/Documents/Programming/JavaScript/p5js/Camera App/public/gallery/images/camzy-image-1625081632815.txt
when : Wed Jun 30 2021 21:33:52 GMT+0200 (South Africa Standard Time)
----
where : /home/user/Documents/Programming/JavaScript/p5js/Camera App/public/gallery/images/camzy-image-1625081635275.txt
when : Wed Jun 30 2021 21:33:55 GMT+0200 (South Africa Standard Time)
----
where : /home/user/Documents/Programming/JavaScript/p5js/Camera App/public/gallery/images/camzy-image-1625082143780.txt
when : Wed Jun 30 2021 21:42:23 GMT+0200 (South Africa Standard Time)
----
where : /home/user/Documents/Programming/JavaScript/p5js/Camera App/public/gallery/images/camzy-image-1625082149801.txt
when : Wed Jun 30 2021 21:42:29 GMT+0200 (South Africa Standard Time)
----
where : /home/user/Documents/Programming/JavaScript/p5js/Camera App/public/gallery/images/camzy-image-1625082302077.txt
when : Wed Jun 30 2021 21:45:02 GMT+0200 (South Africa Standard Time)
----
where : /home/user/Documents/Programming/JavaScript/p5js/Camera App/public/gallery/images/camzy-image-1625082304546.txt
when : Wed Jun 30 2021 21:45:04 GMT+0200 (South Africa Standard Time)
----
where : /home/user/Documents/Programming/JavaScript/p5js/Camera App/public/gallery/images/camzy-image-1625082328095.txt
when : Wed Jun 30 2021 21:45:28 GMT+0200 (South Africa Standard Time)
----
where : /home/user/Documents/Programming/JavaScript/p5js/Camera App/public/gallery/images/camzy-image-1625082370446.txt
when : Wed Jun 30 2021 21:46:10 GMT+0200 (South Africa Standard Time)
----
where : /home/user/Documents/Programming/JavaScript/p5js/Camera App/public/gallery/images/camzy-image-1625084563723.txt
when : Wed Jun 30 2021 22:22:43 GMT+0200 (South Africa Standard Time)
----
where : /home/user/Documents/Programming/JavaScript/p5js/Camera App/public/gallery/images/camzy-image-1625084790521.txt
when : Wed Jun 30 2021 22:26:30 GMT+0200 (South Africa Standard Time)
----
where : /home/user/Documents/Programming/JavaScript/p5js/Camera App/public/gallery/images/camzy-image-1625084792350.txt
when : Wed Jun 30 2021 22:26:32 GMT+0200 (South Africa Standard Time)
----
where : /home/user/Documents/Programming/JavaScript/p5js/Camera App/public/gallery/images/camzy-image-1625084793313.txt
when : Wed Jun 30 2021 22:26:33 GMT+0200 (South Africa Standard Time)
----
where : /home/user/Documents/Programming/JavaScript/p5js/Camera App/public/gallery/images/camzy-image-1625084794087.txt
when : Wed Jun 30 2021 22:26:34 GMT+0200 (South Africa Standard Time)
----
where : /home/user/Documents/Programming/JavaScript/p5js/Camera App/public/gallery/images/camzy-image-1625084794756.txt
when : Wed Jun 30 2021 22:26:34 GMT+0200 (South Africa Standard Time)
----
where : /home/user/Documents/Programming/JavaScript/p5js/Camera App/public/gallery/images/camzy-image-1625084795319.txt
when : Wed Jun 30 2021 22:26:35 GMT+0200 (South Africa Standard Time)
----
where : /home/user/Documents/Programming/JavaScript/p5js/Camera App/public/gallery/images/camzy-image-1625084796509.txt
when : Wed Jun 30 2021 22:26:36 GMT+0200 (South Africa Standard Time)
----
where : /home/user/Documents/Programming/JavaScript/p5js/Camera App/public/gallery/images/camzy-image-1625084798706.txt
when : Wed Jun 30 2021 22:26:38 GMT+0200 (South Africa Standard Time)
----
where : /home/user/Documents/Programming/JavaScript/p5js/Camera App/public/gallery/images/camzy-image-1625084802509.txt
when : Wed Jun 30 2021 22:26:42 GMT+0200 (South Africa Standard Time)
----
where : /home/user/Documents/Programming/JavaScript/p5js/Camera App/public/gallery/images/camzy-image-1625084804021.txt
when : Wed Jun 30 2021 22:26:44 GMT+0200 (South Africa Standard Time)
----
where : /home/user/Documents/Programming/JavaScript/p5js/Camera App/public/gallery/images/camzy-image-1625084804588.txt
when : Wed Jun 30 2021 22:26:44 GMT+0200 (South Africa Standard Time)
----
where : /home/user/Documents/Programming/JavaScript/p5js/Camera App/public/gallery/images/camzy-image-1625084804855.txt
when : Wed Jun 30 2021 22:26:44 GMT+0200 (South Africa Standard Time)
----
where : /home/user/Documents/Programming/JavaScript/p5js/Camera App/public/gallery/images/camzy-image-1625084805209.txt
when : Wed Jun 30 2021 22:26:45 GMT+0200 (South Africa Standard Time)
----
where : /home/user/Documents/Programming/JavaScript/p5js/Camera App/public/gallery/images/camzy-image-1625084913113.txt
when : Wed Jun 30 2021 22:28:33 GMT+0200 (South Africa Standard Time)
----
where : /home/user/Documents/Programming/JavaScript/p5js/Camera App/public/gallery/images/camzy-image-1625085152440.txt
when : Wed Jun 30 2021 22:32:32 GMT+0200 (South Africa Standard Time)
----
where : /home/user/Documents/Programming/JavaScript/p5js/Camera App/public/gallery/images/camzy-image-1625085261818.txt
when : Wed Jun 30 2021 22:34:21 GMT+0200 (South Africa Standard Time)
----
where : /home/user/Documents/Programming/JavaScript/p5js/Camera App/public/gallery/images/camzy-image-1625085265565.txt
when : Wed Jun 30 2021 22:34:25 GMT+0200 (South Africa Standard Time)
----
where : /home/user/Documents/Programming/JavaScript/p5js/Camera App/public/gallery/images/camzy-image-1625087865261.txt
when : Wed Jun 30 2021 23:17:45 GMT+0200 (South Africa Standard Time)
----
where : /home/user/Documents/Programming/JavaScript/p5js/Camera App/public/gallery/images/camzy-image-1625087867488.txt
when : Wed Jun 30 2021 23:17:47 GMT+0200 (South Africa Standard Time)
----
where : /home/user/Documents/Programming/JavaScript/p5js/Camera App/public/gallery/images/camzy-image-1625087869028.txt
when : Wed Jun 30 2021 23:17:49 GMT+0200 (South Africa Standard Time)
----
where : /home/user/Documents/Programming/JavaScript/p5js/Camera App/public/gallery/images/camzy-image-1625087875655.txt
when : Wed Jun 30 2021 23:17:55 GMT+0200 (South Africa Standard Time)
----
where : /home/user/Documents/Programming/JavaScript/p5js/Camera App/public/gallery/images/camzy-image-1625087879186.txt
when : Wed Jun 30 2021 23:17:59 GMT+0200 (South Africa Standard Time)
----
where : /home/user/Documents/Programming/JavaScript/p5js/Camera App/public/gallery/images/camzy-image-1625087881508.txt
when : Wed Jun 30 2021 23:18:01 GMT+0200 (South Africa Standard Time)
----
where : /home/user/Documents/Programming/JavaScript/p5js/Camera App/public/gallery/images/camzy-image-1625087885131.txt
when : Wed Jun 30 2021 23:18:05 GMT+0200 (South Africa Standard Time)
----
where : /home/user/Documents/Programming/JavaScript/p5js/Camera App/public/gallery/images/camzy-image-1625087887627.txt
when : Wed Jun 30 2021 23:18:07 GMT+0200 (South Africa Standard Time)
----
where : /home/user/Documents/Programming/JavaScript/p5js/Camera App/public/gallery/images/camzy-image-1625087891585.txt
when : Wed Jun 30 2021 23:18:11 GMT+0200 (South Africa Standard Time)
----
where : /home/user/Documents/Programming/JavaScript/p5js/Camera App/public/gallery/images/camzy-image-1625087893396.txt
when : Wed Jun 30 2021 23:18:13 GMT+0200 (South Africa Standard Time)
----
where : /home/user/Documents/Programming/JavaScript/p5js/Camera App/public/gallery/images/camzy-image-1625087896938.txt
when : Wed Jun 30 2021 23:18:16 GMT+0200 (South Africa Standard Time)
----
where : /home/user/Documents/Programming/JavaScript/p5js/Camera App/public/gallery/images/camzy-image-1625087899100.txt
when : Wed Jun 30 2021 23:18:19 GMT+0200 (South Africa Standard Time)
----
where : /home/user/Documents/Programming/JavaScript/p5js/Camera App/public/gallery/images/camzy-image-1625087975429.txt
when : Wed Jun 30 2021 23:19:35 GMT+0200 (South Africa Standard Time)
----
where : /home/user/Documents/Programming/JavaScript/p5js/Camera App/public/gallery/images/camzy-image-1625087991421.txt
when : Wed Jun 30 2021 23:19:51 GMT+0200 (South Africa Standard Time)
----
where : /home/user/Documents/Programming/JavaScript/p5js/Camera App/public/gallery/images/camzy-image-1625087996009.txt
when : Wed Jun 30 2021 23:19:56 GMT+0200 (South Africa Standard Time)
----
where : /home/user/Documents/Programming/JavaScript/p5js/Camera App/public/gallery/images/camzy-image-1625087999669.txt
when : Wed Jun 30 2021 23:19:59 GMT+0200 (South Africa Standard Time)
----
where : /home/user/Documents/Programming/JavaScript/p5js/Camera App/public/gallery/images/camzy-image-1625088041339.txt
when : Wed Jun 30 2021 23:20:41 GMT+0200 (South Africa Standard Time)
----
where : /home/user/Documents/Programming/JavaScript/p5js/Camera App/public/gallery/images/camzy-image-1625088041900.txt
when : Wed Jun 30 2021 23:20:41 GMT+0200 (South Africa Standard Time)
----
where : /home/user/Documents/Programming/JavaScript/p5js/Camera App/public/gallery/images/camzy-image-1625088042115.txt
when : Wed Jun 30 2021 23:20:42 GMT+0200 (South Africa Standard Time)
----
where : /home/user/Documents/Programming/JavaScript/p5js/Camera App/public/gallery/images/camzy-image-1625088042437.txt
when : Wed Jun 30 2021 23:20:42 GMT+0200 (South Africa Standard Time)
----
where : /home/user/Documents/Programming/JavaScript/p5js/Camera App/public/gallery/images/camzy-image-1625088042572.txt
when : Wed Jun 30 2021 23:20:42 GMT+0200 (South Africa Standard Time)
----
where : /home/user/Documents/Programming/JavaScript/p5js/Camera App/public/gallery/images/camzy-image-1625088042742.txt
when : Wed Jun 30 2021 23:20:42 GMT+0200 (South Africa Standard Time)
----
where : /home/user/Documents/Programming/JavaScript/p5js/Camera App/public/gallery/images/camzy-image-1625088043012.txt
when : Wed Jun 30 2021 23:20:43 GMT+0200 (South Africa Standard Time)
----
where : /home/user/Documents/Programming/JavaScript/p5js/Camera App/public/gallery/images/camzy-image-1625088043175.txt
when : Wed Jun 30 2021 23:20:43 GMT+0200 (South Africa Standard Time)
----
where : /home/user/Documents/Programming/JavaScript/p5js/Camera App/public/gallery/images/camzy-image-1625088043362.txt
when : Wed Jun 30 2021 23:20:43 GMT+0200 (South Africa Standard Time)
----
where : /home/user/Documents/Programming/JavaScript/p5js/Camera App/public/gallery/images/camzy-image-1625088043540.txt
when : Wed Jun 30 2021 23:20:43 GMT+0200 (South Africa Standard Time)
----
where : /home/user/Documents/Programming/JavaScript/p5js/Camera App/public/gallery/images/camzy-image-1625088043711.txt
when : Wed Jun 30 2021 23:20:43 GMT+0200 (South Africa Standard Time)
----
where : /home/user/Documents/Programming/JavaScript/p5js/Camera App/public/gallery/images/camzy-image-1625088043910.txt
when : Wed Jun 30 2021 23:20:43 GMT+0200 (South Africa Standard Time)
----
where : /home/user/Documents/Programming/JavaScript/p5js/Camera App/public/gallery/images/camzy-image-1625088044096.txt
when : Wed Jun 30 2021 23:20:44 GMT+0200 (South Africa Standard Time)
----
where : /home/user/Documents/Programming/JavaScript/p5js/Camera App/public/gallery/images/camzy-image-1625088044264.txt
when : Wed Jun 30 2021 23:20:44 GMT+0200 (South Africa Standard Time)
----
where : /home/user/Documents/Programming/JavaScript/p5js/Camera App/public/gallery/images/camzy-image-1625088044420.txt
when : Wed Jun 30 2021 23:20:44 GMT+0200 (South Africa Standard Time)
----
where : /home/user/Documents/Programming/JavaScript/p5js/Camera App/public/gallery/images/camzy-image-1625088044565.txt
when : Wed Jun 30 2021 23:20:44 GMT+0200 (South Africa Standard Time)
----
where : /home/user/Documents/Programming/JavaScript/p5js/Camera App/public/gallery/images/camzy-image-1625088044705.txt
when : Wed Jun 30 2021 23:20:44 GMT+0200 (South Africa Standard Time)
----
where : /home/user/Documents/Programming/JavaScript/p5js/Camera App/public/gallery/images/camzy-image-1625088044869.txt
when : Wed Jun 30 2021 23:20:44 GMT+0200 (South Africa Standard Time)
----
where : /home/user/Documents/Programming/JavaScript/p5js/Camera App/public/gallery/images/camzy-image-1625088045039.txt
when : Wed Jun 30 2021 23:20:45 GMT+0200 (South Africa Standard Time)
----
where : /home/user/Documents/Programming/JavaScript/p5js/Camera App/public/gallery/images/camzy-image-1625088045169.txt
when : Wed Jun 30 2021 23:20:45 GMT+0200 (South Africa Standard Time)
----
where : /home/user/Documents/Programming/JavaScript/p5js/Camera App/public/gallery/images/camzy-image-1625088045315.txt
when : Wed Jun 30 2021 23:20:45 GMT+0200 (South Africa Standard Time)
----
where : /home/user/Documents/Programming/JavaScript/p5js/Camera App/public/gallery/images/camzy-image-1625088045498.txt
when : Wed Jun 30 2021 23:20:45 GMT+0200 (South Africa Standard Time)
----
where : /home/user/Documents/Programming/JavaScript/p5js/Camera App/public/gallery/images/camzy-image-1625088045652.txt
when : Wed Jun 30 2021 23:20:45 GMT+0200 (South Africa Standard Time)
----
where : /home/user/Documents/Programming/JavaScript/p5js/Camera App/public/gallery/images/camzy-image-1625088045785.txt
when : Wed Jun 30 2021 23:20:45 GMT+0200 (South Africa Standard Time)
----
where : /home/user/Documents/Programming/JavaScript/p5js/Camera App/public/gallery/images/camzy-image-1625088045955.txt
when : Wed Jun 30 2021 23:20:46 GMT+0200 (South Africa Standard Time)
----
where : /home/user/Documents/Programming/JavaScript/p5js/Camera App/public/gallery/images/camzy-image-1625088046134.txt
when : Wed Jun 30 2021 23:20:46 GMT+0200 (South Africa Standard Time)
----
where : /home/user/Documents/Programming/JavaScript/p5js/Camera App/public/gallery/images/camzy-image-1625088046264.txt
when : Wed Jun 30 2021 23:20:46 GMT+0200 (South Africa Standard Time)
----
where : /home/user/Documents/Programming/JavaScript/p5js/Camera App/public/gallery/images/camzy-image-1625088046428.txt
when : Wed Jun 30 2021 23:20:46 GMT+0200 (South Africa Standard Time)
----
where : /home/user/Documents/Programming/JavaScript/p5js/Camera App/public/gallery/images/camzy-image-1625088046588.txt
when : Wed Jun 30 2021 23:20:46 GMT+0200 (South Africa Standard Time)
----
where : /home/user/Documents/Programming/JavaScript/p5js/Camera App/public/gallery/images/camzy-image-1625088046776.txt
when : Wed Jun 30 2021 23:20:46 GMT+0200 (South Africa Standard Time)
----
where : /home/user/Documents/Programming/JavaScript/p5js/Camera App/public/gallery/images/camzy-image-1625088068312.txt
when : Wed Jun 30 2021 23:21:08 GMT+0200 (South Africa Standard Time)
----
where : /home/user/Documents/Programming/JavaScript/p5js/Camera App/public/gallery/images/camzy-image-1625088068465.txt
when : Wed Jun 30 2021 23:21:08 GMT+0200 (South Africa Standard Time)
----
where : /home/user/Documents/Programming/JavaScript/p5js/Camera App/public/gallery/images/camzy-image-1625088068602.txt
when : Wed Jun 30 2021 23:21:08 GMT+0200 (South Africa Standard Time)
----
where : /home/user/Documents/Programming/JavaScript/p5js/Camera App/public/gallery/images/camzy-image-1625088068745.txt
when : Wed Jun 30 2021 23:21:08 GMT+0200 (South Africa Standard Time)
----
where : /home/user/Documents/Programming/JavaScript/p5js/Camera App/public/gallery/images/camzy-image-1625088068920.txt
when : Wed Jun 30 2021 23:21:08 GMT+0200 (South Africa Standard Time)
----
where : /home/user/Documents/Programming/JavaScript/p5js/Camera App/public/gallery/images/camzy-image-1625088069064.txt
when : Wed Jun 30 2021 23:21:09 GMT+0200 (South Africa Standard Time)
----
where : /home/user/Documents/Programming/JavaScript/p5js/Camera App/public/gallery/images/camzy-image-1625088069202.txt
when : Wed Jun 30 2021 23:21:09 GMT+0200 (South Africa Standard Time)
----
where : /home/user/Documents/Programming/JavaScript/p5js/Camera App/public/gallery/images/camzy-image-1625088069338.txt
when : Wed Jun 30 2021 23:21:09 GMT+0200 (South Africa Standard Time)
----
where : /home/user/Documents/Programming/JavaScript/p5js/Camera App/public/gallery/images/camzy-image-1625088069474.txt
when : Wed Jun 30 2021 23:21:09 GMT+0200 (South Africa Standard Time)
----
where : /home/user/Documents/Programming/JavaScript/p5js/Camera App/public/gallery/images/camzy-image-1625088069627.txt
when : Wed Jun 30 2021 23:21:09 GMT+0200 (South Africa Standard Time)
----
where : /home/user/Documents/Programming/JavaScript/p5js/Camera App/public/gallery/images/camzy-image-1625088069772.txt
when : Wed Jun 30 2021 23:21:09 GMT+0200 (South Africa Standard Time)
----
where : /home/user/Documents/Programming/JavaScript/p5js/Camera App/public/gallery/images/camzy-image-1625088069900.txt
when : Wed Jun 30 2021 23:21:10 GMT+0200 (South Africa Standard Time)
----
where : /home/user/Documents/Programming/JavaScript/p5js/Camera App/public/gallery/images/camzy-image-1625088070031.txt
when : Wed Jun 30 2021 23:21:10 GMT+0200 (South Africa Standard Time)
----
where : /home/user/Documents/Programming/JavaScript/p5js/Camera App/public/gallery/images/camzy-image-1625088070176.txt
when : Wed Jun 30 2021 23:21:10 GMT+0200 (South Africa Standard Time)
----
where : /home/user/Documents/Programming/JavaScript/p5js/Camera App/public/gallery/images/camzy-image-1625088070316.txt
when : Wed Jun 30 2021 23:21:10 GMT+0200 (South Africa Standard Time)
----
where : /home/user/Documents/Programming/JavaScript/p5js/Camera App/public/gallery/images/camzy-image-1625088070445.txt
when : Wed Jun 30 2021 23:21:10 GMT+0200 (South Africa Standard Time)
----
where : /home/user/Documents/Programming/JavaScript/p5js/Camera App/public/gallery/images/camzy-image-1625088070581.txt
when : Wed Jun 30 2021 23:21:10 GMT+0200 (South Africa Standard Time)
----
where : /home/user/Documents/Programming/JavaScript/p5js/Camera App/public/gallery/images/camzy-image-1625088070733.txt
when : Wed Jun 30 2021 23:21:10 GMT+0200 (South Africa Standard Time)
----
where : /home/user/Documents/Programming/JavaScript/p5js/Camera App/public/gallery/images/camzy-image-1625088070882.txt
when : Wed Jun 30 2021 23:21:10 GMT+0200 (South Africa Standard Time)
----
where : /home/user/Documents/Programming/JavaScript/p5js/Camera App/public/gallery/images/camzy-image-1625088071019.txt
when : Wed Jun 30 2021 23:21:11 GMT+0200 (South Africa Standard Time)
----
where : /home/user/Documents/Programming/JavaScript/p5js/Camera App/public/gallery/images/camzy-image-1625088071156.txt
when : Wed Jun 30 2021 23:21:11 GMT+0200 (South Africa Standard Time)
----
where : /home/user/Documents/Programming/JavaScript/p5js/Camera App/public/gallery/images/camzy-image-1625088071291.txt
when : Wed Jun 30 2021 23:21:11 GMT+0200 (South Africa Standard Time)
----
where : /home/user/Documents/Programming/JavaScript/p5js/Camera App/public/gallery/images/camzy-image-1625088071428.txt
when : Wed Jun 30 2021 23:21:11 GMT+0200 (South Africa Standard Time)
----
where : /home/user/Documents/Programming/JavaScript/p5js/Camera App/public/gallery/images/camzy-image-1625088071558.txt
when : Wed Jun 30 2021 23:21:11 GMT+0200 (South Africa Standard Time)
----
where : /home/user/Documents/Programming/JavaScript/p5js/Camera App/public/gallery/images/camzy-image-1625088071685.txt
when : Wed Jun 30 2021 23:21:11 GMT+0200 (South Africa Standard Time)
----
where : /home/user/Documents/Programming/JavaScript/p5js/Camera App/public/gallery/images/camzy-image-1625088071819.txt
when : Wed Jun 30 2021 23:21:11 GMT+0200 (South Africa Standard Time)
----
where : /home/user/Documents/Programming/JavaScript/p5js/Camera App/public/gallery/images/camzy-image-1625088071947.txt
when : Wed Jun 30 2021 23:21:11 GMT+0200 (South Africa Standard Time)
----
where : /home/user/Documents/Programming/JavaScript/p5js/Camera App/public/gallery/images/camzy-image-1625088072086.txt
when : Wed Jun 30 2021 23:21:12 GMT+0200 (South Africa Standard Time)
----
where : /home/user/Documents/Programming/JavaScript/p5js/Camera App/public/gallery/images/camzy-image-1625088072215.txt
when : Wed Jun 30 2021 23:21:12 GMT+0200 (South Africa Standard Time)
----
where : /home/user/Documents/Programming/JavaScript/p5js/Camera App/public/gallery/images/camzy-image-1625088072339.txt
when : Wed Jun 30 2021 23:21:12 GMT+0200 (South Africa Standard Time)
----
where : /home/user/Documents/Programming/JavaScript/p5js/Camera App/public/gallery/images/camzy-image-1625088072462.txt
when : Wed Jun 30 2021 23:21:12 GMT+0200 (South Africa Standard Time)
----
where : /home/user/Documents/Programming/JavaScript/p5js/Camera App/public/gallery/images/camzy-image-1625088072595.txt
when : Wed Jun 30 2021 23:21:12 GMT+0200 (South Africa Standard Time)
----
where : /home/user/Documents/Programming/JavaScript/p5js/Camera App/public/gallery/images/camzy-image-1625088072716.txt
when : Wed Jun 30 2021 23:21:12 GMT+0200 (South Africa Standard Time)
----
where : /home/user/Documents/Programming/JavaScript/p5js/Camera App/public/gallery/images/camzy-image-1625088269017.txt
when : Wed Jun 30 2021 23:24:29 GMT+0200 (South Africa Standard Time)
----
where : /home/user/Documents/Programming/JavaScript/p5js/Camera App/public/gallery/images/camzy-image-1625088836286.txt
when : Wed Jun 30 2021 23:33:56 GMT+0200 (South Africa Standard Time)
----
where : /home/user/Documents/Programming/JavaScript/p5js/Camera App/public/gallery/images/camzy-image-1625088836986.txt
when : Wed Jun 30 2021 23:33:57 GMT+0200 (South Africa Standard Time)
----
where : /home/user/Documents/Programming/JavaScript/p5js/Camera App/public/gallery/images/camzy-image-1625088837366.txt
when : Wed Jun 30 2021 23:33:57 GMT+0200 (South Africa Standard Time)
----
where : /home/user/Documents/Programming/JavaScript/p5js/Camera App/public/gallery/images/camzy-image-1625088837595.txt
when : Wed Jun 30 2021 23:33:57 GMT+0200 (South Africa Standard Time)
----
where : /home/user/Documents/Programming/JavaScript/p5js/Camera App/public/gallery/images/camzy-image-1625088837749.txt
when : Wed Jun 30 2021 23:33:57 GMT+0200 (South Africa Standard Time)
----
where : /home/user/Documents/Programming/JavaScript/p5js/Camera App/public/gallery/images/camzy-image-1625088841823.txt
when : Wed Jun 30 2021 23:34:01 GMT+0200 (South Africa Standard Time)
----
where : /home/user/Documents/Programming/JavaScript/p5js/Camera App/public/gallery/images/camzy-image-1625088841977.txt
when : Wed Jun 30 2021 23:34:02 GMT+0200 (South Africa Standard Time)
----
where : /home/user/Documents/Programming/JavaScript/p5js/Camera App/public/gallery/images/camzy-image-1625089031629.txt
when : Wed Jun 30 2021 23:37:11 GMT+0200 (South Africa Standard Time)
----
where : /home/user/Documents/Programming/JavaScript/p5js/Camera App/public/gallery/images/camzy-image-1625089042154.txt
when : Wed Jun 30 2021 23:37:22 GMT+0200 (South Africa Standard Time)
----
where : /home/user/Documents/Programming/JavaScript/p5js/Camera App/public/gallery/images/camzy-image-1625128513433.txt
when : Thu Jul 01 2021 10:35:13 GMT+0200 (South Africa Standard Time)
----
where : /home/user/Documents/Programming/JavaScript/p5js/Camera App/public/gallery/images/camzy-image-1625129415950.txt
when : Thu Jul 01 2021 10:50:16 GMT+0200 (South Africa Standard Time)
----
where : /home/user/Documents/Programming/JavaScript/p5js/Camera App/public/gallery/images/camzy-image-1625129418441.txt
when : Thu Jul 01 2021 10:50:18 GMT+0200 (South Africa Standard Time)
----
where : /home/user/Documents/Programming/JavaScript/p5js/Camera App/public/gallery/images/camzy-image-1625129420237.txt
when : Thu Jul 01 2021 10:50:20 GMT+0200 (South Africa Standard Time)
----
where : /home/user/Documents/Programming/JavaScript/p5js/Camera App/public/gallery/images/camzy-image-1625130717399.txt
when : Thu Jul 01 2021 11:11:57 GMT+0200 (South Africa Standard Time)
----
where : /home/user/Documents/Programming/JavaScript/p5js/Camera App/public/gallery/images/camzy-image-1625131347355.txt
when : Thu Jul 01 2021 11:22:27 GMT+0200 (South Africa Standard Time)
----
where : /home/user/Documents/Programming/JavaScript/p5js/Camera App/public/gallery/images/camzy-image-1625131349742.txt
when : Thu Jul 01 2021 11:22:29 GMT+0200 (South Africa Standard Time)
----
where : /home/user/Documents/Programming/JavaScript/p5js/Camera App/public/gallery/images/camzy-image-1625131463704.txt
when : Thu Jul 01 2021 11:24:23 GMT+0200 (South Africa Standard Time)
----
where : /home/user/Documents/Programming/JavaScript/p5js/Camera App/public/gallery/images/camzy-image-1625131465405.txt
when : Thu Jul 01 2021 11:24:25 GMT+0200 (South Africa Standard Time)
----
where : /home/user/Documents/Programming/JavaScript/p5js/Camera App/public/gallery/images/camzy-image-1625131466911.txt
when : Thu Jul 01 2021 11:24:26 GMT+0200 (South Africa Standard Time)
----
where : /home/user/Documents/Programming/JavaScript/p5js/Camera App/public/gallery/images/camzy-image-1625131469436.txt
when : Thu Jul 01 2021 11:24:29 GMT+0200 (South Africa Standard Time)
----
where : /home/user/Documents/Programming/JavaScript/p5js/Camera App/public/gallery/images/camzy-image-1625131470261.txt
when : Thu Jul 01 2021 11:24:30 GMT+0200 (South Africa Standard Time)
----
where : /home/user/Documents/Programming/JavaScript/p5js/Camera App/public/gallery/images/camzy-image-1625131475169.txt
when : Thu Jul 01 2021 11:24:35 GMT+0200 (South Africa Standard Time)
----
where : /home/user/Documents/Programming/JavaScript/p5js/Camera App/public/gallery/images/camzy-image-1625131476599.txt
when : Thu Jul 01 2021 11:24:36 GMT+0200 (South Africa Standard Time)
----
where : /home/user/Documents/Programming/JavaScript/p5js/Camera App/public/gallery/images/camzy-image-1625131476982.txt
when : Thu Jul 01 2021 11:24:37 GMT+0200 (South Africa Standard Time)
----
where : /home/user/Documents/Programming/JavaScript/p5js/Camera App/public/gallery/images/camzy-image-1625131477455.txt
when : Thu Jul 01 2021 11:24:37 GMT+0200 (South Africa Standard Time)
----
where : /home/user/Documents/Programming/JavaScript/p5js/Camera App/public/gallery/images/camzy-image-1625131477670.txt
when : Thu Jul 01 2021 11:24:37 GMT+0200 (South Africa Standard Time)
----
where : /home/user/Documents/Programming/JavaScript/p5js/Camera App/public/gallery/images/camzy-image-1625131477838.txt
when : Thu Jul 01 2021 11:24:37 GMT+0200 (South Africa Standard Time)
----
where : /home/user/Documents/Programming/JavaScript/p5js/Camera App/public/gallery/images/camzy-image-1625131478023.txt
when : Thu Jul 01 2021 11:24:38 GMT+0200 (South Africa Standard Time)
----
where : /home/user/Documents/Programming/JavaScript/p5js/Camera App/public/gallery/images/camzy-image-1625131478244.txt
when : Thu Jul 01 2021 11:24:38 GMT+0200 (South Africa Standard Time)
----
where : /home/user/Documents/Programming/JavaScript/p5js/Camera App/public/gallery/images/camzy-image-1625131478420.txt
when : Thu Jul 01 2021 11:24:38 GMT+0200 (South Africa Standard Time)
----
where : /home/user/Documents/Programming/JavaScript/p5js/Camera App/public/gallery/images/camzy-image-1625131478558.txt
when : Thu Jul 01 2021 11:24:38 GMT+0200 (South Africa Standard Time)
----
where : /home/user/Documents/Programming/JavaScript/p5js/Camera App/public/gallery/images/camzy-image-1625131478707.txt
when : Thu Jul 01 2021 11:24:38 GMT+0200 (South Africa Standard Time)
----
where : /home/user/Documents/Programming/JavaScript/p5js/Camera App/public/gallery/images/camzy-image-1625131478870.txt
when : Thu Jul 01 2021 11:24:38 GMT+0200 (South Africa Standard Time)
----
where : /home/user/Documents/Programming/JavaScript/p5js/Camera App/public/gallery/images/camzy-image-1625131479163.txt
when : Thu Jul 01 2021 11:24:39 GMT+0200 (South Africa Standard Time)
----
where : /home/user/Documents/Programming/JavaScript/p5js/Camera App/public/gallery/images/camzy-image-1625131479329.txt
when : Thu Jul 01 2021 11:24:39 GMT+0200 (South Africa Standard Time)
----
where : /home/user/Documents/Programming/JavaScript/p5js/Camera App/public/gallery/images/camzy-image-1625131479493.txt
when : Thu Jul 01 2021 11:24:39 GMT+0200 (South Africa Standard Time)
----
where : /home/user/Documents/Programming/JavaScript/p5js/Camera App/public/gallery/images/camzy-image-1625131479671.txt
when : Thu Jul 01 2021 11:24:39 GMT+0200 (South Africa Standard Time)
----
where : /home/user/Documents/Programming/JavaScript/p5js/Camera App/public/gallery/images/camzy-image-1625131479874.txt
when : Thu Jul 01 2021 11:24:39 GMT+0200 (South Africa Standard Time)
----
where : /home/user/Documents/Programming/JavaScript/p5js/Camera App/public/gallery/images/camzy-image-1625131480052.txt
when : Thu Jul 01 2021 11:24:40 GMT+0200 (South Africa Standard Time)
----
where : /home/user/Documents/Programming/JavaScript/p5js/Camera App/public/gallery/images/camzy-image-1625131480226.txt
when : Thu Jul 01 2021 11:24:40 GMT+0200 (South Africa Standard Time)
----
where : /home/user/Documents/Programming/JavaScript/p5js/Camera App/public/gallery/images/camzy-image-1625131480394.txt
when : Thu Jul 01 2021 11:24:40 GMT+0200 (South Africa Standard Time)
----
where : /home/user/Documents/Programming/JavaScript/p5js/Camera App/public/gallery/images/camzy-image-1625131480550.txt
when : Thu Jul 01 2021 11:24:40 GMT+0200 (South Africa Standard Time)
----
where : /home/user/Documents/Programming/JavaScript/p5js/Camera App/public/gallery/images/camzy-image-1625131480728.txt
when : Thu Jul 01 2021 11:24:40 GMT+0200 (South Africa Standard Time)
----
where : /home/user/Documents/Programming/JavaScript/p5js/Camera App/public/gallery/images/camzy-image-1625131480836.txt
when : Thu Jul 01 2021 11:24:40 GMT+0200 (South Africa Standard Time)
----
where : /home/user/Documents/Programming/JavaScript/p5js/Camera App/public/gallery/images/camzy-image-1625131481005.txt
when : Thu Jul 01 2021 11:24:41 GMT+0200 (South Africa Standard Time)
----
where : /home/user/Documents/Programming/JavaScript/p5js/Camera App/public/gallery/images/camzy-image-1625131481139.txt
when : Thu Jul 01 2021 11:24:41 GMT+0200 (South Africa Standard Time)
----
where : /home/user/Documents/Programming/JavaScript/p5js/Camera App/public/gallery/images/camzy-image-1625131481282.txt
when : Thu Jul 01 2021 11:24:41 GMT+0200 (South Africa Standard Time)
----
where : /home/user/Documents/Programming/JavaScript/p5js/Camera App/public/gallery/images/camzy-image-1625131481442.txt
when : Thu Jul 01 2021 11:24:41 GMT+0200 (South Africa Standard Time)
----
where : /home/user/Documents/Programming/JavaScript/p5js/Camera App/public/gallery/images/camzy-image-1625131481624.txt
when : Thu Jul 01 2021 11:24:41 GMT+0200 (South Africa Standard Time)
----
where : /home/user/Documents/Programming/JavaScript/p5js/Camera App/public/gallery/images/camzy-image-1625131481785.txt
when : Thu Jul 01 2021 11:24:41 GMT+0200 (South Africa Standard Time)
----
where : /home/user/Documents/Programming/JavaScript/p5js/Camera App/public/gallery/images/camzy-image-1625131481942.txt
when : Thu Jul 01 2021 11:24:41 GMT+0200 (South Africa Standard Time)
----
where : /home/user/Documents/Programming/JavaScript/p5js/Camera App/public/gallery/images/camzy-image-1625131482083.txt
when : Thu Jul 01 2021 11:24:42 GMT+0200 (South Africa Standard Time)
----
where : /home/user/Documents/Programming/JavaScript/p5js/Camera App/public/gallery/images/camzy-image-1625131482242.txt
when : Thu Jul 01 2021 11:24:42 GMT+0200 (South Africa Standard Time)
----
where : /home/user/Documents/Programming/JavaScript/p5js/Camera App/public/gallery/images/camzy-image-1625131482421.txt
when : Thu Jul 01 2021 11:24:42 GMT+0200 (South Africa Standard Time)
----
where : /home/user/Documents/Programming/JavaScript/p5js/Camera App/public/gallery/images/camzy-image-1625131482565.txt
when : Thu Jul 01 2021 11:24:42 GMT+0200 (South Africa Standard Time)
----
where : /home/user/Documents/Programming/JavaScript/p5js/Camera App/public/gallery/images/camzy-image-1625131482722.txt
when : Thu Jul 01 2021 11:24:42 GMT+0200 (South Africa Standard Time)
----
where : /home/user/Documents/Programming/JavaScript/p5js/Camera App/public/gallery/images/camzy-image-1625131482969.txt
when : Thu Jul 01 2021 11:24:43 GMT+0200 (South Africa Standard Time)
----
where : /home/user/Documents/Programming/JavaScript/p5js/Camera App/public/gallery/images/camzy-image-1625131483100.txt
when : Thu Jul 01 2021 11:24:43 GMT+0200 (South Africa Standard Time)
----
where : /home/user/Documents/Programming/JavaScript/p5js/Camera App/public/gallery/images/camzy-image-1625131483290.txt
when : Thu Jul 01 2021 11:24:43 GMT+0200 (South Africa Standard Time)
----
where : /home/user/Documents/Programming/JavaScript/p5js/Camera App/public/gallery/images/camzy-image-1625131483416.txt
when : Thu Jul 01 2021 11:24:43 GMT+0200 (South Africa Standard Time)
----
where : /home/user/Documents/Programming/JavaScript/p5js/Camera App/public/gallery/images/camzy-image-1625131483594.txt
when : Thu Jul 01 2021 11:24:43 GMT+0200 (South Africa Standard Time)
----
where : /home/user/Documents/Programming/JavaScript/p5js/Camera App/public/gallery/images/camzy-image-1625131484097.txt
when : Thu Jul 01 2021 11:24:44 GMT+0200 (South Africa Standard Time)
----
where : /home/user/Documents/Programming/JavaScript/p5js/Camera App/public/gallery/images/camzy-image-1625131485080.txt
when : Thu Jul 01 2021 11:24:45 GMT+0200 (South Africa Standard Time)
----
where : /home/user/Documents/Programming/JavaScript/p5js/Camera App/public/gallery/images/camzy-image-1625131485541.txt
when : Thu Jul 01 2021 11:24:45 GMT+0200 (South Africa Standard Time)
----
where : /home/user/Documents/Programming/JavaScript/p5js/Camera App/public/gallery/images/camzy-image-1625131488375.txt
when : Thu Jul 01 2021 11:24:48 GMT+0200 (South Africa Standard Time)
----
where : /home/user/Documents/Programming/JavaScript/p5js/Camera App/public/gallery/images/camzy-image-1625131488626.txt
when : Thu Jul 01 2021 11:24:48 GMT+0200 (South Africa Standard Time)
----
where : /home/user/Documents/Programming/JavaScript/p5js/Camera App/public/gallery/images/camzy-image-1625131488849.txt
when : Thu Jul 01 2021 11:24:48 GMT+0200 (South Africa Standard Time)
----
where : /home/user/Documents/Programming/JavaScript/p5js/Camera App/public/gallery/images/camzy-image-1625131489311.txt
when : Thu Jul 01 2021 11:24:49 GMT+0200 (South Africa Standard Time)
----
where : /home/user/Documents/Programming/JavaScript/p5js/Camera App/public/gallery/images/camzy-image-1625131489507.txt
when : Thu Jul 01 2021 11:24:49 GMT+0200 (South Africa Standard Time)
----
where : /home/user/Documents/Programming/JavaScript/p5js/Camera App/public/gallery/images/camzy-image-1625131489834.txt
when : Thu Jul 01 2021 11:24:49 GMT+0200 (South Africa Standard Time)
----
where : /home/user/Documents/Programming/JavaScript/p5js/Camera App/public/gallery/images/camzy-image-1625131490090.txt
when : Thu Jul 01 2021 11:24:50 GMT+0200 (South Africa Standard Time)
----
where : /home/user/Documents/Programming/JavaScript/p5js/Camera App/public/gallery/images/camzy-image-1625131496078.txt
when : Thu Jul 01 2021 11:24:56 GMT+0200 (South Africa Standard Time)
----
where : /home/user/Documents/Programming/JavaScript/p5js/Camera App/public/gallery/images/camzy-image-1625131496513.txt
when : Thu Jul 01 2021 11:24:56 GMT+0200 (South Africa Standard Time)
----
where : /home/user/Documents/Programming/JavaScript/p5js/Camera App/public/gallery/images/camzy-image-1625131496736.txt
when : Thu Jul 01 2021 11:24:56 GMT+0200 (South Africa Standard Time)
----
where : /home/user/Documents/Programming/JavaScript/p5js/Camera App/public/gallery/images/camzy-image-1625131497058.txt
when : Thu Jul 01 2021 11:24:57 GMT+0200 (South Africa Standard Time)
----
where : /home/user/Documents/Programming/JavaScript/p5js/Camera App/public/gallery/images/camzy-image-1625131497674.txt
when : Thu Jul 01 2021 11:24:57 GMT+0200 (South Africa Standard Time)
----
where : /home/user/Documents/Programming/JavaScript/p5js/Camera App/public/gallery/images/camzy-image-1625131498162.txt
when : Thu Jul 01 2021 11:24:58 GMT+0200 (South Africa Standard Time)
----
where : /home/user/Documents/Programming/JavaScript/p5js/Camera App/public/gallery/images/camzy-image-1625131498974.txt
when : Thu Jul 01 2021 11:24:59 GMT+0200 (South Africa Standard Time)
----
where : /home/user/Documents/Programming/JavaScript/p5js/Camera App/public/gallery/images/camzy-image-1625131499388.txt
when : Thu Jul 01 2021 11:24:59 GMT+0200 (South Africa Standard Time)
----
where : /home/user/Documents/Programming/JavaScript/p5js/Camera App/public/gallery/images/camzy-image-1625131499805.txt
when : Thu Jul 01 2021 11:24:59 GMT+0200 (South Africa Standard Time)
----
where : /home/user/Documents/Programming/JavaScript/p5js/Camera App/public/gallery/images/camzy-image-1625131500212.txt
when : Thu Jul 01 2021 11:25:00 GMT+0200 (South Africa Standard Time)
----
where : /home/user/Documents/Programming/JavaScript/p5js/Camera App/public/gallery/images/camzy-image-1625131500587.txt
when : Thu Jul 01 2021 11:25:00 GMT+0200 (South Africa Standard Time)
----
where : /home/user/Documents/Programming/JavaScript/p5js/Camera App/public/gallery/images/camzy-image-1625131501026.txt
when : Thu Jul 01 2021 11:25:01 GMT+0200 (South Africa Standard Time)
----
where : /home/user/Documents/Programming/JavaScript/p5js/Camera App/public/gallery/images/camzy-image-1625131501352.txt
when : Thu Jul 01 2021 11:25:01 GMT+0200 (South Africa Standard Time)
----
where : /home/user/Documents/Programming/JavaScript/p5js/Camera App/public/gallery/images/camzy-image-1625131501772.txt
when : Thu Jul 01 2021 11:25:01 GMT+0200 (South Africa Standard Time)
----
where : /home/user/Documents/Programming/JavaScript/p5js/Camera App/public/gallery/images/camzy-image-1625131502112.txt
when : Thu Jul 01 2021 11:25:02 GMT+0200 (South Africa Standard Time)
----
where : /home/user/Documents/Programming/JavaScript/p5js/Camera App/public/gallery/images/camzy-image-1625131502368.txt
when : Thu Jul 01 2021 11:25:02 GMT+0200 (South Africa Standard Time)
----
where : /home/user/Documents/Programming/JavaScript/p5js/Camera App/public/gallery/images/camzy-image-1625131502709.txt
when : Thu Jul 01 2021 11:25:02 GMT+0200 (South Africa Standard Time)
----
where : /home/user/Documents/Programming/JavaScript/p5js/Camera App/public/gallery/images/camzy-image-1625131503057.txt
when : Thu Jul 01 2021 11:25:03 GMT+0200 (South Africa Standard Time)
----
where : /home/user/Documents/Programming/JavaScript/p5js/Camera App/public/gallery/images/camzy-image-1625131503462.txt
when : Thu Jul 01 2021 11:25:03 GMT+0200 (South Africa Standard Time)
----
where : /home/user/Documents/Programming/JavaScript/p5js/Camera App/public/gallery/images/camzy-image-1625131503859.txt
when : Thu Jul 01 2021 11:25:03 GMT+0200 (South Africa Standard Time)
----
where : /home/user/Documents/Programming/JavaScript/p5js/Camera App/public/gallery/images/camzy-image-1625131504278.txt
when : Thu Jul 01 2021 11:25:04 GMT+0200 (South Africa Standard Time)
----
where : /home/user/Documents/Programming/JavaScript/p5js/Camera App/public/gallery/images/camzy-image-1625131504732.txt
when : Thu Jul 01 2021 11:25:04 GMT+0200 (South Africa Standard Time)
----
where : /home/user/Documents/Programming/JavaScript/p5js/Camera App/public/gallery/images/camzy-image-1625131504862.txt
when : Thu Jul 01 2021 11:25:04 GMT+0200 (South Africa Standard Time)
----
where : /home/user/Documents/Programming/JavaScript/p5js/Camera App/public/gallery/images/camzy-image-1625131505196.txt
when : Thu Jul 01 2021 11:25:05 GMT+0200 (South Africa Standard Time)
----
where : /home/user/Documents/Programming/JavaScript/p5js/Camera App/public/gallery/images/camzy-image-1625131505633.txt
when : Thu Jul 01 2021 11:25:05 GMT+0200 (South Africa Standard Time)
----
where : /home/user/Documents/Programming/JavaScript/p5js/Camera App/public/gallery/images/camzy-image-1625131506251.txt
when : Thu Jul 01 2021 11:25:06 GMT+0200 (South Africa Standard Time)
----
where : /home/user/Documents/Programming/JavaScript/p5js/Camera App/public/gallery/images/camzy-image-1625131506762.txt
when : Thu Jul 01 2021 11:25:06 GMT+0200 (South Africa Standard Time)
----
where : /home/user/Documents/Programming/JavaScript/p5js/Camera App/public/gallery/images/camzy-image-1625131507060.txt
when : Thu Jul 01 2021 11:25:07 GMT+0200 (South Africa Standard Time)
----
where : /home/user/Documents/Programming/JavaScript/p5js/Camera App/public/gallery/images/camzy-image-1625131507449.txt
when : Thu Jul 01 2021 11:25:07 GMT+0200 (South Africa Standard Time)
----
where : /home/user/Documents/Programming/JavaScript/p5js/Camera App/public/gallery/images/camzy-image-1625131513438.txt
when : Thu Jul 01 2021 11:25:13 GMT+0200 (South Africa Standard Time)
----
where : /home/user/Documents/Programming/JavaScript/p5js/Camera App/public/gallery/images/camzy-image-1625131513900.txt
when : Thu Jul 01 2021 11:25:13 GMT+0200 (South Africa Standard Time)
----
where : /home/user/Documents/Programming/JavaScript/p5js/Camera App/public/gallery/images/camzy-image-1625131514495.txt
when : Thu Jul 01 2021 11:25:14 GMT+0200 (South Africa Standard Time)
----
where : /home/user/Documents/Programming/JavaScript/p5js/Camera App/public/gallery/images/camzy-image-1625131515843.txt
when : Thu Jul 01 2021 11:25:15 GMT+0200 (South Africa Standard Time)
----
where : /home/user/Documents/Programming/JavaScript/p5js/Camera App/public/gallery/images/camzy-image-1625131516253.txt
when : Thu Jul 01 2021 11:25:16 GMT+0200 (South Africa Standard Time)
----
where : /home/user/Documents/Programming/JavaScript/p5js/Camera App/public/gallery/images/camzy-image-1625131516624.txt
when : Thu Jul 01 2021 11:25:16 GMT+0200 (South Africa Standard Time)
----
where : /home/user/Documents/Programming/JavaScript/p5js/Camera App/public/gallery/images/camzy-image-1625137854407.txt
when : Thu Jul 01 2021 13:10:54 GMT+0200 (South Africa Standard Time)
----
where : /home/user/Documents/Programming/JavaScript/p5js/Camera App/public/gallery/images/camzy-image-1625151862240.txt
when : Thu Jul 01 2021 17:04:22 GMT+0200 (South Africa Standard Time)
----
where : /home/user/Documents/Programming/JavaScript/p5js/Camera App/public/gallery/images/camzy-image-1625151864419.txt
when : Thu Jul 01 2021 17:04:24 GMT+0200 (South Africa Standard Time)
----
where : /home/user/Documents/Programming/JavaScript/p5js/Camera App/public/gallery/images/camzy-image-1625151866001.txt
when : Thu Jul 01 2021 17:04:26 GMT+0200 (South Africa Standard Time)
----
where : /home/user/Documents/Programming/JavaScript/p5js/Camera App/public/gallery/images/camzy-image-1625151867577.txt
when : Thu Jul 01 2021 17:04:27 GMT+0200 (South Africa Standard Time)
----
where : /home/user/Documents/Programming/JavaScript/p5js/Camera App/public/gallery/images/camzy-image-1625159590640.txt
when : Thu Jul 01 2021 19:13:10 GMT+0200 (South Africa Standard Time)
----
where : /home/user/Documents/Programming/JavaScript/p5js/Camera App/public/gallery/images/camzy-image-1625159593861.txt
when : Thu Jul 01 2021 19:13:13 GMT+0200 (South Africa Standard Time)
----
where : /home/user/Documents/Programming/JavaScript/p5js/Camera App/public/gallery/images/camzy-image-1625159596698.txt
when : Thu Jul 01 2021 19:13:16 GMT+0200 (South Africa Standard Time)
----
where : /home/user/Documents/Programming/JavaScript/p5js/Camera App/public/gallery/images/camzy-image-1625159598799.txt
when : Thu Jul 01 2021 19:13:18 GMT+0200 (South Africa Standard Time)
----
where : /home/user/Documents/Programming/JavaScript/p5js/Camera App/public/gallery/images/camzy-image-1625159599912.txt
when : Thu Jul 01 2021 19:13:19 GMT+0200 (South Africa Standard Time)
----
where : /home/user/Documents/Programming/JavaScript/p5js/Camera App/public/gallery/images/camzy-image-1625159671940.txt
when : Thu Jul 01 2021 19:14:31 GMT+0200 (South Africa Standard Time)
----
where : /home/user/Documents/Programming/JavaScript/p5js/Camera App/public/gallery/images/camzy-image-1625159676510.txt
when : Thu Jul 01 2021 19:14:36 GMT+0200 (South Africa Standard Time)
----
where : /home/user/Documents/Programming/JavaScript/p5js/Camera App/public/gallery/images/camzy-image-1625159686850.txt
when : Thu Jul 01 2021 19:14:46 GMT+0200 (South Africa Standard Time)
----
where : /home/user/Documents/Programming/JavaScript/p5js/Camera App/public/gallery/images/camzy-image-1625159688649.txt
when : Thu Jul 01 2021 19:14:48 GMT+0200 (South Africa Standard Time)
----
where : /home/user/Documents/Programming/JavaScript/p5js/Camera App/public/gallery/images/camzy-image-1625159691340.txt
when : Thu Jul 01 2021 19:14:51 GMT+0200 (South Africa Standard Time)
----
where : /home/user/Documents/Programming/JavaScript/p5js/Camera App/public/gallery/images/camzy-image-1625159693159.txt
when : Thu Jul 01 2021 19:14:53 GMT+0200 (South Africa Standard Time)
----
where : /home/user/Documents/Programming/JavaScript/p5js/Camera App/public/gallery/images/camzy-image-1625159694765.txt
when : Thu Jul 01 2021 19:14:54 GMT+0200 (South Africa Standard Time)
----
where : /home/user/Documents/Programming/JavaScript/p5js/Camera App/public/gallery/images/camzy-image-1625160125275.txt
when : Thu Jul 01 2021 19:22:06 GMT+0200 (South Africa Standard Time)
----
where : /home/user/Documents/Programming/JavaScript/p5js/Camera App/public/gallery/images/camzy-image-1625160126219.txt
when : Thu Jul 01 2021 19:22:07 GMT+0200 (South Africa Standard Time)
----
where : /home/user/Documents/Programming/JavaScript/p5js/Camera App/public/gallery/images/camzy-image-1625160126777.txt
when : Thu Jul 01 2021 19:22:07 GMT+0200 (South Africa Standard Time)
----
where : /home/user/Documents/Programming/JavaScript/p5js/Camera App/public/gallery/images/camzy-image-1625160128420.txt
when : Thu Jul 01 2021 19:22:08 GMT+0200 (South Africa Standard Time)
----
where : /home/user/Documents/Programming/JavaScript/p5js/Camera App/public/gallery/images/camzy-image-1625160135246.txt
when : Thu Jul 01 2021 19:22:15 GMT+0200 (South Africa Standard Time)
----
where : /home/user/Documents/Programming/JavaScript/p5js/Camera App/public/gallery/images/camzy-image-1625161310226.txt
when : Thu Jul 01 2021 19:41:50 GMT+0200 (South Africa Standard Time)
----
where : /home/user/Documents/Programming/JavaScript/p5js/Camera App/public/gallery/images/camzy-image-1625161311597.txt
when : Thu Jul 01 2021 19:41:51 GMT+0200 (South Africa Standard Time)
----
where : /home/user/Documents/Programming/JavaScript/p5js/Camera App/public/gallery/images/camzy-image-1625161317470.txt
when : Thu Jul 01 2021 19:41:57 GMT+0200 (South Africa Standard Time)
----
where : /home/user/Documents/Programming/JavaScript/p5js/Camera App/public/gallery/images/camzy-image-1625161440858.txt
when : Thu Jul 01 2021 19:44:00 GMT+0200 (South Africa Standard Time)
----
where : /home/user/Documents/Programming/JavaScript/p5js/Camera App/public/gallery/images/camzy-image-1625161452822.txt
when : Thu Jul 01 2021 19:44:12 GMT+0200 (South Africa Standard Time)
----
where : /home/user/Documents/Programming/JavaScript/p5js/Camera App/public/gallery/images/camzy-image-1625161455176.txt
when : Thu Jul 01 2021 19:44:15 GMT+0200 (South Africa Standard Time)
----
where : /home/user/Documents/Programming/JavaScript/p5js/Camera App/public/gallery/images/camzy-image-1625161459489.txt
when : Thu Jul 01 2021 19:44:19 GMT+0200 (South Africa Standard Time)
----
where : /home/user/Documents/Programming/JavaScript/p5js/Camera App/public/gallery/images/camzy-image-1625161573254.txt
when : Thu Jul 01 2021 19:46:13 GMT+0200 (South Africa Standard Time)
----
where : /home/user/Documents/Programming/JavaScript/p5js/Camera App/public/gallery/images/camzy-image-1625161601622.txt
when : Thu Jul 01 2021 19:46:41 GMT+0200 (South Africa Standard Time)
----
where : /home/user/Documents/Programming/JavaScript/p5js/Camera App/public/gallery/images/camzy-image-1625161603855.txt
when : Thu Jul 01 2021 19:46:43 GMT+0200 (South Africa Standard Time)
----
where : /home/user/Documents/Programming/JavaScript/p5js/Camera App/public/gallery/images/camzy-image-1625162467144.txt
when : Thu Jul 01 2021 20:01:07 GMT+0200 (South Africa Standard Time)
----
where : /home/user/Documents/Programming/JavaScript/p5js/Camera App/public/gallery/images/camzy-image-1625162471290.txt
when : Thu Jul 01 2021 20:01:11 GMT+0200 (South Africa Standard Time)
----
where : /home/user/Documents/Programming/JavaScript/p5js/Camera App/public/gallery/images/camzy-image-1625162485128.txt
when : Thu Jul 01 2021 20:01:25 GMT+0200 (South Africa Standard Time)
----
where : /home/user/Documents/Programming/JavaScript/p5js/Camera App/public/gallery/images/camzy-image-1625162550739.txt
when : Thu Jul 01 2021 20:02:30 GMT+0200 (South Africa Standard Time)
----
where : /home/user/Documents/Programming/JavaScript/p5js/Camera App/public/gallery/images/camzy-image-1625162668875.txt
when : Thu Jul 01 2021 20:04:28 GMT+0200 (South Africa Standard Time)
----
where : /home/user/Documents/Programming/JavaScript/p5js/Camera App/public/gallery/images/camzy-image-1625169751558.txt
when : Thu Jul 01 2021 22:02:31 GMT+0200 (South Africa Standard Time)
----
where : /home/user/Documents/Programming/JavaScript/p5js/Camera App/public/gallery/images/camzy-image-1625169752534.txt
when : Thu Jul 01 2021 22:02:32 GMT+0200 (South Africa Standard Time)
----
where : /home/user/Documents/Programming/JavaScript/p5js/Camera App/public/gallery/images/camzy-image-1625169752829.txt
when : Thu Jul 01 2021 22:02:32 GMT+0200 (South Africa Standard Time)
----
where : /home/user/Documents/Programming/JavaScript/p5js/Camera App/public/gallery/images/camzy-image-1625169753098.txt
when : Thu Jul 01 2021 22:02:33 GMT+0200 (South Africa Standard Time)
----
where : /home/user/Documents/Programming/JavaScript/p5js/Camera App/public/gallery/images/camzy-image-1625169753344.txt
when : Thu Jul 01 2021 22:02:33 GMT+0200 (South Africa Standard Time)
----
where : /home/user/Documents/Programming/JavaScript/p5js/Camera App/public/gallery/images/camzy-image-1625169753563.txt
when : Thu Jul 01 2021 22:02:33 GMT+0200 (South Africa Standard Time)
----
where : /home/user/Documents/Programming/JavaScript/p5js/Camera App/public/gallery/images/camzy-image-1625170911573.txt
when : Thu Jul 01 2021 22:21:51 GMT+0200 (South Africa Standard Time)
----
where : /home/user/Documents/Programming/JavaScript/p5js/Camera App/public/gallery/images/camzy-image-1625170916420.txt
when : Thu Jul 01 2021 22:21:56 GMT+0200 (South Africa Standard Time)
----
where : /home/user/Documents/Programming/JavaScript/p5js/Camera App/public/gallery/images/camzy-image-1625170926295.txt
when : Thu Jul 01 2021 22:22:06 GMT+0200 (South Africa Standard Time)
----
where : /home/user/Documents/Programming/JavaScript/p5js/Camera App/public/gallery/images/camzy-image-1625170930283.txt
when : Thu Jul 01 2021 22:22:10 GMT+0200 (South Africa Standard Time)
----
where : /home/user/Documents/Programming/JavaScript/p5js/Camera App/public/gallery/images/camzy-image-1625171140711.txt
when : Thu Jul 01 2021 22:25:40 GMT+0200 (South Africa Standard Time)
----
where : /home/user/Documents/Programming/JavaScript/p5js/Camera App/public/gallery/images/camzy-image-1625172659790.txt
when : Thu Jul 01 2021 22:50:59 GMT+0200 (South Africa Standard Time)
----
where : /home/user/Documents/Programming/JavaScript/p5js/Camera App/public/gallery/images/camzy-image-1625172674160.txt
when : Thu Jul 01 2021 22:51:14 GMT+0200 (South Africa Standard Time)
----
where : /home/user/Documents/Programming/JavaScript/p5js/Camera App/public/gallery/images/camzy-image-1625228530142.txt
when : Fri Jul 02 2021 14:22:10 GMT+0200 (South Africa Standard Time)
----
where : /home/user/Documents/Programming/JavaScript/p5js/Camera App/public/gallery/images/camzy-image-1625228868890.txt
when : Fri Jul 02 2021 14:27:48 GMT+0200 (South Africa Standard Time)
----
where : /home/user/Documents/Programming/JavaScript/p5js/Camera App/public/gallery/images/camzy-image-1625228870072.txt
when : Fri Jul 02 2021 14:27:50 GMT+0200 (South Africa Standard Time)
----
where : /home/user/Documents/Programming/JavaScript/p5js/Camera App/public/gallery/images/camzy-image-1625233753500.txt
when : Fri Jul 02 2021 15:49:13 GMT+0200 (South Africa Standard Time)
----
where : /home/user/Documents/Programming/JavaScript/p5js/Camera App/public/gallery/images/camzy-image-1625233955919.txt
when : Fri Jul 02 2021 15:52:35 GMT+0200 (South Africa Standard Time)
----
where : /home/user/Documents/Programming/JavaScript/p5js/Camera App/public/gallery/images/camzy-image-1625237064671.txt
when : Fri Jul 02 2021 16:44:24 GMT+0200 (South Africa Standard Time)
----
where : /home/user/Documents/Programming/JavaScript/p5js/Camera App/public/gallery/images/camzy-image-1625237071094.txt
when : Fri Jul 02 2021 16:44:31 GMT+0200 (South Africa Standard Time)
----
where : /home/user/Documents/Programming/JavaScript/p5js/Camera App/public/gallery/images/camzy-image-1625237073328.txt
when : Fri Jul 02 2021 16:44:33 GMT+0200 (South Africa Standard Time)
----
where : /home/user/Documents/Programming/JavaScript/p5js/Camera App/public/gallery/images/camzy-image-1625239220723.txt
when : Fri Jul 02 2021 17:20:20 GMT+0200 (South Africa Standard Time)
----
where : /home/user/Documents/Programming/JavaScript/p5js/Camera App/public/gallery/images/camzy-image-1625239292137.txt
when : Fri Jul 02 2021 17:21:32 GMT+0200 (South Africa Standard Time)
----
where : /home/user/Documents/Programming/JavaScript/p5js/Camera App/public/gallery/images/camzy-image-1625239294446.txt
when : Fri Jul 02 2021 17:21:34 GMT+0200 (South Africa Standard Time)
----
where : /home/user/Documents/Programming/JavaScript/p5js/Camera App/public/gallery/images/camzy-image-1625239420913.txt
when : Fri Jul 02 2021 17:23:40 GMT+0200 (South Africa Standard Time)
----
where : /home/user/Documents/Programming/JavaScript/p5js/Camera App/public/gallery/images/camzy-image-1625250730032.txt
when : Fri Jul 02 2021 20:32:10 GMT+0200 (South Africa Standard Time)
----
where : /home/user/Documents/Programming/JavaScript/p5js/Camera App/public/gallery/images/camzy-image-1625250731874.txt
when : Fri Jul 02 2021 20:32:11 GMT+0200 (South Africa Standard Time)
----
where : /home/user/Documents/Programming/JavaScript/p5js/Camera App/public/gallery/images/camzy-image-1625250732619.txt
when : Fri Jul 02 2021 20:32:12 GMT+0200 (South Africa Standard Time)
----
where : /home/user/Documents/Programming/JavaScript/p5js/Camera App/public/gallery/images/camzy-image-1625262123865.txt
when : Fri Jul 02 2021 23:42:03 GMT+0200 (South Africa Standard Time)
----
where : /home/user/Documents/Programming/JavaScript/p5js/Camera App/public/gallery/images/camzy-image-1625262124391.txt
when : Fri Jul 02 2021 23:42:04 GMT+0200 (South Africa Standard Time)
----
where : /home/user/Documents/Programming/JavaScript/p5js/Camera App/public/gallery/images/camzy-image-1625262125811.txt
when : Fri Jul 02 2021 23:42:05 GMT+0200 (South Africa Standard Time)
----
where : /home/user/Documents/Programming/JavaScript/p5js/Camera App/public/gallery/images/camzy-image-1625262126096.txt
when : Fri Jul 02 2021 23:42:06 GMT+0200 (South Africa Standard Time)
----
where : /home/user/Documents/Programming/JavaScript/p5js/Camera App/public/gallery/images/camzy-image-1625262126431.txt
when : Fri Jul 02 2021 23:42:06 GMT+0200 (South Africa Standard Time)
----
where : /home/user/Documents/Programming/JavaScript/p5js/Camera App/public/gallery/images/camzy-image-1625262126740.txt
when : Fri Jul 02 2021 23:42:06 GMT+0200 (South Africa Standard Time)
----
where : /home/user/Documents/Programming/JavaScript/p5js/Camera App/public/gallery/images/camzy-image-1625262127036.txt
when : Fri Jul 02 2021 23:42:07 GMT+0200 (South Africa Standard Time)
----
where : /home/user/Documents/Programming/JavaScript/p5js/Camera App/public/gallery/images/camzy-image-1625262127365.txt
when : Fri Jul 02 2021 23:42:07 GMT+0200 (South Africa Standard Time)
----
where : /home/user/Documents/Programming/JavaScript/p5js/Camera App/public/gallery/images/camzy-image-1625262127715.txt
when : Fri Jul 02 2021 23:42:07 GMT+0200 (South Africa Standard Time)
----
where : /home/user/Documents/Programming/JavaScript/p5js/Camera App/public/gallery/images/camzy-image-1625262127997.txt
when : Fri Jul 02 2021 23:42:08 GMT+0200 (South Africa Standard Time)
----
where : /home/user/Documents/Programming/JavaScript/p5js/Camera App/public/gallery/images/camzy-image-1625262128322.txt
when : Fri Jul 02 2021 23:42:08 GMT+0200 (South Africa Standard Time)
----
where : /home/user/Documents/Programming/JavaScript/p5js/Camera App/public/gallery/images/camzy-image-1625262131201.txt
when : Fri Jul 02 2021 23:42:11 GMT+0200 (South Africa Standard Time)
----
where : /home/user/Documents/Programming/JavaScript/p5js/Camera App/public/gallery/images/camzy-image-1625262131575.txt
when : Fri Jul 02 2021 23:42:11 GMT+0200 (South Africa Standard Time)
----
where : /home/user/Documents/Programming/JavaScript/p5js/Camera App/public/gallery/images/camzy-image-1625262131899.txt
when : Fri Jul 02 2021 23:42:11 GMT+0200 (South Africa Standard Time)
----
where : /home/user/Documents/Programming/JavaScript/p5js/Camera App/public/gallery/images/camzy-image-1625262132162.txt
when : Fri Jul 02 2021 23:42:12 GMT+0200 (South Africa Standard Time)
----
where : /home/user/Documents/Programming/JavaScript/p5js/Camera App/public/gallery/images/camzy-image-1625262132504.txt
when : Fri Jul 02 2021 23:42:12 GMT+0200 (South Africa Standard Time)
----
where : /home/user/Documents/Programming/JavaScript/p5js/Camera App/public/gallery/images/camzy-image-1625262132815.txt
when : Fri Jul 02 2021 23:42:12 GMT+0200 (South Africa Standard Time)
----
where : /home/user/Documents/Programming/JavaScript/p5js/Camera App/public/gallery/images/camzy-image-1625262133432.txt
when : Fri Jul 02 2021 23:42:13 GMT+0200 (South Africa Standard Time)
----
where : /home/user/Documents/Programming/JavaScript/p5js/Camera App/public/gallery/images/camzy-image-1625262133775.txt
when : Fri Jul 02 2021 23:42:13 GMT+0200 (South Africa Standard Time)
----
where : /home/user/Documents/Programming/JavaScript/p5js/Camera App/public/gallery/images/camzy-image-1625262134040.txt
when : Fri Jul 02 2021 23:42:14 GMT+0200 (South Africa Standard Time)
----
where : /home/user/Documents/Programming/JavaScript/p5js/Camera App/public/gallery/images/camzy-image-1625262134360.txt
when : Fri Jul 02 2021 23:42:14 GMT+0200 (South Africa Standard Time)
----
where : /home/user/Documents/Programming/JavaScript/p5js/Camera App/public/gallery/images/camzy-image-1625262134552.txt
when : Fri Jul 02 2021 23:42:14 GMT+0200 (South Africa Standard Time)
----
where : /home/user/Documents/Programming/JavaScript/p5js/Camera App/public/gallery/images/camzy-image-1625262134802.txt
when : Fri Jul 02 2021 23:42:14 GMT+0200 (South Africa Standard Time)
----
where : /home/user/Documents/Programming/JavaScript/p5js/Camera App/public/gallery/images/camzy-image-1625262134973.txt
when : Fri Jul 02 2021 23:42:15 GMT+0200 (South Africa Standard Time)
----
where : /home/user/Documents/Programming/JavaScript/p5js/Camera App/public/gallery/images/camzy-image-1625262135299.txt
when : Fri Jul 02 2021 23:42:15 GMT+0200 (South Africa Standard Time)
----
where : /home/user/Documents/Programming/JavaScript/p5js/Camera App/public/gallery/images/camzy-image-1625262135811.txt
when : Fri Jul 02 2021 23:42:15 GMT+0200 (South Africa Standard Time)
----
where : /home/user/Documents/Programming/JavaScript/p5js/Camera App/public/gallery/images/camzy-image-1625262136048.txt
when : Fri Jul 02 2021 23:42:16 GMT+0200 (South Africa Standard Time)
----
where : /home/user/Documents/Programming/JavaScript/p5js/Camera App/public/gallery/images/camzy-image-1625262136316.txt
when : Fri Jul 02 2021 23:42:16 GMT+0200 (South Africa Standard Time)
----
where : /home/user/Documents/Programming/JavaScript/p5js/Camera App/public/gallery/images/camzy-image-1625262136648.txt
when : Fri Jul 02 2021 23:42:16 GMT+0200 (South Africa Standard Time)
----
where : /home/user/Documents/Programming/JavaScript/p5js/Camera App/public/gallery/images/camzy-image-1625336490621.txt
when : Sat Jul 03 2021 20:21:30 GMT+0200 (South Africa Standard Time)
----
where : /home/user/Documents/Programming/JavaScript/p5js/Camera App/public/gallery/images/camzy-image-1625336499903.txt
when : Sat Jul 03 2021 20:21:39 GMT+0200 (South Africa Standard Time)
----
where : /home/user/Documents/Programming/JavaScript/p5js/Camera App/public/gallery/images/camzy-image-1625336514042.txt
when : Sat Jul 03 2021 20:21:54 GMT+0200 (South Africa Standard Time)
----
where : /home/user/Documents/Programming/JavaScript/p5js/Camera App/public/gallery/images/camzy-image-1625341552855.txt
when : Sat Jul 03 2021 21:45:52 GMT+0200 (South Africa Standard Time)
----
where : /home/user/Documents/Programming/JavaScript/p5js/Camera App/public/gallery/images/camzy-image-1625350648199.txt
when : Sun Jul 04 2021 00:17:28 GMT+0200 (South Africa Standard Time)
----
where : /home/user/Documents/Programming/JavaScript/p5js/Camera App/public/gallery/images/camzy-image-1625350662833.txt
when : Sun Jul 04 2021 00:17:42 GMT+0200 (South Africa Standard Time)
----
where : /home/user/Documents/Programming/JavaScript/p5js/Camera App/public/gallery/images/camzy-image-1625350672484.txt
when : Sun Jul 04 2021 00:17:52 GMT+0200 (South Africa Standard Time)
----
where : /home/user/Documents/Programming/JavaScript/p5js/Camera App/public/gallery/images/camzy-image-1625350962298.txt
when : Sun Jul 04 2021 00:22:42 GMT+0200 (South Africa Standard Time)
----
where : /home/user/Documents/Programming/JavaScript/p5js/Camera App/public/gallery/images/camzy-image-1625350963829.txt
when : Sun Jul 04 2021 00:22:43 GMT+0200 (South Africa Standard Time)
----
where : /home/user/Documents/Programming/JavaScript/p5js/Camera App/public/gallery/images/camzy-image-1625350964241.txt
when : Sun Jul 04 2021 00:22:44 GMT+0200 (South Africa Standard Time)
----
where : /home/user/Documents/Programming/JavaScript/p5js/Camera App/public/gallery/images/camzy-image-1625350964644.txt
when : Sun Jul 04 2021 00:22:44 GMT+0200 (South Africa Standard Time)
----
where : /home/user/Documents/Programming/JavaScript/p5js/Camera App/public/gallery/images/camzy-image-1625350964957.txt
when : Sun Jul 04 2021 00:22:44 GMT+0200 (South Africa Standard Time)
----
where : /home/user/Documents/Programming/JavaScript/p5js/Camera App/public/gallery/images/camzy-image-1625351311997.txt
when : Sun Jul 04 2021 00:28:32 GMT+0200 (South Africa Standard Time)
----
where : /home/user/Documents/Programming/JavaScript/p5js/Camera App/public/gallery/images/camzy-image-1625351314365.txt
when : Sun Jul 04 2021 00:28:34 GMT+0200 (South Africa Standard Time)
----
where : /home/user/Documents/Programming/JavaScript/p5js/Camera App/public/gallery/images/camzy-image-1625351315766.txt
when : Sun Jul 04 2021 00:28:35 GMT+0200 (South Africa Standard Time)
----
where : /home/user/Documents/Programming/JavaScript/p5js/Camera App/public/gallery/images/camzy-image-1625351316775.txt
when : Sun Jul 04 2021 00:28:36 GMT+0200 (South Africa Standard Time)
----
where : /home/user/Documents/Programming/JavaScript/p5js/Camera App/public/gallery/images/camzy-image-1625351317898.txt
when : Sun Jul 04 2021 00:28:37 GMT+0200 (South Africa Standard Time)
----
where : /home/user/Documents/Programming/JavaScript/p5js/Camera App/public/gallery/images/camzy-image-1625351471030.txt
when : Sun Jul 04 2021 00:31:11 GMT+0200 (South Africa Standard Time)
----
where : /home/user/Documents/Programming/JavaScript/p5js/Camera App/public/gallery/images/camzy-image-1625351472292.txt
when : Sun Jul 04 2021 00:31:12 GMT+0200 (South Africa Standard Time)
----
where : /home/user/Documents/Programming/JavaScript/p5js/Camera App/public/gallery/images/camzy-image-1625351473092.txt
when : Sun Jul 04 2021 00:31:13 GMT+0200 (South Africa Standard Time)
----
where : /home/user/Documents/Programming/JavaScript/p5js/Camera App/public/gallery/images/camzy-image-1625351473940.txt
when : Sun Jul 04 2021 00:31:13 GMT+0200 (South Africa Standard Time)
----
where : /home/user/Documents/Programming/JavaScript/p5js/Camera App/public/gallery/images/camzy-image-1625351477184.txt
when : Sun Jul 04 2021 00:31:17 GMT+0200 (South Africa Standard Time)
----
where : /home/user/Documents/Programming/JavaScript/p5js/Camera App/public/gallery/images/camzy-image-1625351482773.txt
when : Sun Jul 04 2021 00:31:22 GMT+0200 (South Africa Standard Time)
----
where : /home/user/Documents/Programming/JavaScript/p5js/Camera App/public/gallery/images/camzy-image-1625351619963.txt
when : Sun Jul 04 2021 00:33:40 GMT+0200 (South Africa Standard Time)
----
where : /home/user/Documents/Programming/JavaScript/p5js/Camera App/public/gallery/images/camzy-image-1625351623631.txt
when : Sun Jul 04 2021 00:33:43 GMT+0200 (South Africa Standard Time)
----
where : /home/user/Documents/Programming/JavaScript/p5js/Camera App/public/gallery/images/camzy-image-1625351626698.txt
when : Sun Jul 04 2021 00:33:46 GMT+0200 (South Africa Standard Time)
----
where : /home/user/Documents/Programming/JavaScript/p5js/Camera App/public/gallery/images/camzy-image-1625351627213.txt
when : Sun Jul 04 2021 00:33:47 GMT+0200 (South Africa Standard Time)
----
where : /home/user/Documents/Programming/JavaScript/p5js/Camera App/public/gallery/images/camzy-image-1625351628137.txt
when : Sun Jul 04 2021 00:33:48 GMT+0200 (South Africa Standard Time)
----
where : /home/user/Documents/Programming/JavaScript/p5js/Camera App/public/gallery/images/camzy-image-1625351629490.txt
when : Sun Jul 04 2021 00:33:49 GMT+0200 (South Africa Standard Time)
----
where : /home/user/Documents/Programming/JavaScript/p5js/Camera App/public/gallery/images/camzy-image-1625351941779.txt
when : Sun Jul 04 2021 00:39:01 GMT+0200 (South Africa Standard Time)
----
where : /home/user/Documents/Programming/JavaScript/p5js/Camera App/public/gallery/images/camzy-image-1625351942564.txt
when : Sun Jul 04 2021 00:39:02 GMT+0200 (South Africa Standard Time)
----
where : /home/user/Documents/Programming/JavaScript/p5js/Camera App/public/gallery/images/camzy-image-1625351943334.txt
when : Sun Jul 04 2021 00:39:03 GMT+0200 (South Africa Standard Time)
----
where : /home/user/Documents/Programming/JavaScript/p5js/Camera App/public/gallery/images/camzy-image-1625351960027.txt
when : Sun Jul 04 2021 00:39:20 GMT+0200 (South Africa Standard Time)
----
where : /home/user/Documents/Programming/JavaScript/p5js/Camera App/public/gallery/images/camzy-image-1625351960472.txt
when : Sun Jul 04 2021 00:39:20 GMT+0200 (South Africa Standard Time)
----
where : /home/user/Documents/Programming/JavaScript/p5js/Camera App/public/gallery/images/camzy-image-1625351960646.txt
when : Sun Jul 04 2021 00:39:20 GMT+0200 (South Africa Standard Time)
----
where : /home/user/Documents/Programming/JavaScript/p5js/Camera App/public/gallery/images/camzy-image-1625351960824.txt
when : Sun Jul 04 2021 00:39:20 GMT+0200 (South Africa Standard Time)
----
where : /home/user/Documents/Programming/JavaScript/p5js/Camera App/public/gallery/images/camzy-image-1625351961070.txt
when : Sun Jul 04 2021 00:39:21 GMT+0200 (South Africa Standard Time)
----
where : /home/user/Documents/Programming/JavaScript/p5js/Camera App/public/gallery/images/camzy-image-1625351961264.txt
when : Sun Jul 04 2021 00:39:21 GMT+0200 (South Africa Standard Time)
----
where : /home/user/Documents/Programming/JavaScript/p5js/Camera App/public/gallery/images/camzy-image-1625351961462.txt
when : Sun Jul 04 2021 00:39:21 GMT+0200 (South Africa Standard Time)
----
where : /home/user/Documents/Programming/JavaScript/p5js/Camera App/public/gallery/images/camzy-image-1625352187528.txt
when : Sun Jul 04 2021 00:43:07 GMT+0200 (South Africa Standard Time)
----
where : /home/user/Documents/Programming/JavaScript/p5js/Camera App/public/gallery/images/camzy-image-1625352188043.txt
when : Sun Jul 04 2021 00:43:08 GMT+0200 (South Africa Standard Time)
----
where : /home/user/Documents/Programming/JavaScript/p5js/Camera App/public/gallery/images/camzy-image-1625352188262.txt
when : Sun Jul 04 2021 00:43:08 GMT+0200 (South Africa Standard Time)
----
where : /home/user/Documents/Programming/JavaScript/p5js/Camera App/public/gallery/images/camzy-image-1625352188516.txt
when : Sun Jul 04 2021 00:43:08 GMT+0200 (South Africa Standard Time)
----
where : /home/user/Documents/Programming/JavaScript/p5js/Camera App/public/gallery/images/camzy-image-1625352188744.txt
when : Sun Jul 04 2021 00:43:08 GMT+0200 (South Africa Standard Time)
----
where : /home/user/Documents/Programming/JavaScript/p5js/Camera App/public/gallery/images/camzy-image-1625352188910.txt
when : Sun Jul 04 2021 00:43:08 GMT+0200 (South Africa Standard Time)
----
where : /home/user/Documents/Programming/JavaScript/p5js/Camera App/public/gallery/images/camzy-image-1625352191751.txt
when : Sun Jul 04 2021 00:43:11 GMT+0200 (South Africa Standard Time)
----
where : /home/user/Documents/Programming/JavaScript/p5js/Camera App/public/gallery/images/camzy-image-1625352192190.txt
when : Sun Jul 04 2021 00:43:12 GMT+0200 (South Africa Standard Time)
----
where : /run/media/sihle/MULTIBOOT/PC Manjaro/Programming/JavaScript/p5js/Camera App/public/gallery/images/camzy-image-1636585455463.txt
when : Thu Nov 11 2021 01:04:16 GMT+0200 (South Africa Standard Time)
----
where : /run/media/sihle/MULTIBOOT/PC Manjaro/Programming/JavaScript/p5js/Camera App/public/gallery/images/camzy-image-1636585462357.txt
when : Thu Nov 11 2021 01:04:22 GMT+0200 (South Africa Standard Time)
----
where : /run/media/sihle/MULTIBOOT/PC Manjaro/Programming/JavaScript/p5js/Camera App/public/gallery/images/camzy-image-1636585507620.txt
when : Thu Nov 11 2021 01:05:07 GMT+0200 (South Africa Standard Time)
----
where : /run/media/sihle/MULTIBOOT/PC Manjaro/Programming/JavaScript/p5js/Camera App/public/gallery/images/camzy-image-1636585508907.txt
when : Thu Nov 11 2021 01:05:09 GMT+0200 (South Africa Standard Time)
----
where : /run/media/sihle/MULTIBOOT/PC Manjaro/Programming/JavaScript/p5js/Camera App/public/gallery/images/camzy-image-1636585510259.txt
when : Thu Nov 11 2021 01:05:10 GMT+0200 (South Africa Standard Time)
----
where : /run/media/sihle/MULTIBOOT/PC Manjaro/Programming/JavaScript/p5js/Camera App/public/gallery/images/camzy-image-1636585510438.txt
when : Thu Nov 11 2021 01:05:10 GMT+0200 (South Africa Standard Time)
----
where : /run/media/sihle/MULTIBOOT/PC Manjaro/Programming/JavaScript/p5js/Camera App/public/gallery/images/camzy-image-1636585570229.txt
when : Thu Nov 11 2021 01:06:10 GMT+0200 (South Africa Standard Time)
----
where : /run/media/sihle/MULTIBOOT/PC Manjaro/Programming/JavaScript/p5js/Camera App/public/gallery/images/camzy-image-1636585588814.txt
when : Thu Nov 11 2021 01:06:29 GMT+0200 (South Africa Standard Time)
